reading-simulator.js:415 🎯 Focusing on preferred areas: (4) ['title', 'introduction', 'main-content', 'conclusion']
session-manager.js:121 📊 Session stats updated: {duration: '0m 30s', postsRead: 0, adClicks: 0, status: 'active'}
reading-simulator.js:92 📚 Performing main reading process with personalization... {topics: Array(2), deviceType: 'mobile', timeOfDay: 'morning'}
reading-simulator.js:104 📊 Reading 24 relevant elements out of 202 total
reading-simulator.js:299 🤔 Thinking pause for 3879.292488728976ms
reading-simulator.js:299 🤔 Thinking pause for 3822.27495874571ms
session-manager.js:121 📊 Session stats updated: {duration: '1m 0s', postsRead: 0, adClicks: 0, status: 'active'}
reading-simulator.js:299 🤔 Thinking pause for 3006.7373175332878ms
reading-simulator.js:299 🤔 Thinking pause for 3678.2379819064795ms
session-manager.js:121 📊 Session stats updated: {duration: '1m 29s', postsRead: 0, adClicks: 0, status: 'active'}
reading-simulator.js:299 🤔 Thinking pause for 3356.1824844201437ms
reading-simulator.js:137 🔍 Performing post-reading interactions with personalization... {personality: 'researcher', topics: Array(2)}
reading-simulator.js:361 📖 Performing review scroll...
session-manager.js:121 📊 Session stats updated: {duration: '1m 59s', postsRead: 0, adClicks: 0, status: 'active'}
v1?ray=9779ace8ebfdfdc0&lang=auto:1 
v1?ray=9779ace8ebfdfdc0&lang=auto:1 Request for the Private Access Token challenge.
auto/:1 The resource https://challenges.cloudflare.com/cdn-cgi/challenge-platform/h/b/cmg/1 was preloaded using link preload but not used within a few seconds from the window's load event. Please make sure it has an appropriate `as` value and it is preloaded intentionally.
session-manager.js:121 📊 Session stats updated: {duration: '2m 29s', postsRead: 0, adClicks: 0, status: 'active'}
reading-simulator.js:521 🔍 Looking for related content based on topics: (2) [{…}, {…}]
reading-simulator.js:538 🔗 Found 4 related links
reading-simulator.js:549 🎭 Performing personality-specific interactions for: researcher
reading-simulator.js:49 ✅ Reading simulation completed successfully
content-script.js:175 ✅ Content reading simulation completed
content-script.js:182 💰 Step 5: Handling AdSense ads...
adsense-detector.js:53 🔍 Detecting AdSense ads...
adsense-detector.js:423 🚫 TOC element detected by text: menu <div class=​"site inner-wrap" id=​"site-container" style=​"height:​ auto !important;​">​…​</div>​
adsense-detector.js:250 🚫 Skipping TOC element as ad: <div class=​"site inner-wrap" id=​"site-container" style=​"height:​ auto !important;​">​…​</div>​
adsense-detector.js:423 🚫 TOC element detected by text: menu <div class=​"top-header pos-stickymenu">​…​</div>​
adsense-detector.js:250 🚫 Skipping TOC element as ad: <div class=​"top-header pos-stickymenu">​…​</div>​
adsense-detector.js:423 🚫 TOC element detected by text: menu <div id=​"content" class=​"gmr-content" style=​"height:​ auto !important;​">​…​</div>​
adsense-detector.js:250 🚫 Skipping TOC element as ad: <div id=​"content" class=​"gmr-content" style=​"height:​ auto !important;​">​…​</div>​
adsense-detector.js:423 🚫 TOC element detected by text: menu <div class=​"container" style=​"height:​ auto !important;​">​…​</div>​
adsense-detector.js:250 🚫 Skipping TOC element as ad: <div class=​"container" style=​"height:​ auto !important;​">​…​</div>​
adsense-detector.js:423 🚫 TOC element detected by text: menu <div class=​"row" style=​"height:​ auto !important;​">​…​</div>​
adsense-detector.js:250 🚫 Skipping TOC element as ad: <div class=​"row" style=​"height:​ auto !important;​">​…​</div>​
adsense-detector.js:423 🚫 TOC element detected by text: menu <div id=​"primary" class=​"content-area col-md-8" style=​"height:​ auto !important;​ min-height:​ 0px !important;​">​…​</div>​
adsense-detector.js:250 🚫 Skipping TOC element as ad: <div id=​"primary" class=​"content-area col-md-8" style=​"height:​ auto !important;​ min-height:​ 0px !important;​">​…​</div>​
adsense-detector.js:423 🚫 TOC element detected by text: menu <div class=​"gmr-box-content gmr-single" style=​"height:​ auto !important;​">​…​</div>​
adsense-detector.js:250 🚫 Skipping TOC element as ad: <div class=​"gmr-box-content gmr-single" style=​"height:​ auto !important;​">​…​</div>​
adsense-detector.js:69 ✅ Detected 4 potential AdSense ads
content-script.js:188 ✅ Found 4 AdSense ads
adsense-detector.js:164 🎯 Found 3 related ads
content-script.js:194 🎯 Found 3 related ads
click-simulator.js:24 🖱️ Starting ad click simulation... {adText: '', position: {…}}
click-simulator.js:62 🔍 Performing pre-click behavior...
content-script.js:253 🚀 Starting automation...
click-simulator.js:75 🖱️ Performing ad click...
click-simulator.js:82 ❌ No clickable element found
click-simulator.js:49 ❌ Ad click failed
click-simulator.js:127 🌐 Interacting with ad page...
click-simulator.js:272 🔄 Performing page interactions...
